Archive member included to satisfy reference by file (symbol)

/usr/lib/gcc/arm-none-eabi/13.2.1/libgcc.a(_udivsi3.o)
                              build/stdio.o (__aeabi_uidiv)
/usr/lib/gcc/arm-none-eabi/13.2.1/libgcc.a(_dvmd_tls.o)
                              /usr/lib/gcc/arm-none-eabi/13.2.1/libgcc.a(_udivsi3.o) (__aeabi_idiv0)

There are no discarded input sections

Memory Configuration

Name             Origin             Length             Attributes
*default*        0x00000000         0xffffffff

Linker script and memory map

LOAD build/Entry.os
LOAD build/main.o
LOAD build/Regs.o
LOAD build/Uart.o
LOAD build/stdio.o
LOAD /usr/lib/gcc/arm-none-eabi/13.2.1/libgcc.a
                0x00000000                        . = 0x0

.text           0x00000000      0x9b4
 *(vector_start)
 *(.text .rodata)
 .text          0x00000000       0xd4 build/Entry.os
                0x00000000                vector_start
                0x0000003c                vector_end
 .text          0x000000d4      0x170 build/main.o
                0x000000d4                main
 .rodata        0x00000244       0xad build/main.o
 .text          0x000002f1        0x0 build/Regs.o
 *fill*         0x000002f1        0x3 
 .text          0x000002f4      0x158 build/Uart.o
                0x000002f4                Hal_uart_init
                0x0000036c                Hal_uart_put_char
                0x000003c8                Hal_uart_get_char
 .text          0x0000044c      0x448 build/stdio.o
                0x0000044c                putstr
                0x000004ac                debug_printf
                0x000004fc                vsprintf
                0x0000077c                utoa
 .rodata        0x00000894        0x7 build/stdio.o
 *fill*         0x0000089b        0x1 
 .text          0x0000089c      0x114 /usr/lib/gcc/arm-none-eabi/13.2.1/libgcc.a(_udivsi3.o)
                0x0000089c                __udivsi3
                0x0000089c                __aeabi_uidiv
                0x00000990                __aeabi_uidivmod
 .text          0x000009b0        0x4 /usr/lib/gcc/arm-none-eabi/13.2.1/libgcc.a(_dvmd_tls.o)
                0x000009b0                __aeabi_ldiv0
                0x000009b0                __aeabi_idiv0

.glue_7         0x000009b4        0x0
 .glue_7        0x000009b4        0x0 linker stubs

.glue_7t        0x000009b4        0x0
 .glue_7t       0x000009b4        0x0 linker stubs

.vfp11_veneer   0x000009b4        0x0
 .vfp11_veneer  0x000009b4        0x0 linker stubs

.v4_bx          0x000009b4        0x0
 .v4_bx         0x000009b4        0x0 linker stubs

.iplt           0x000009b4        0x0
 .iplt          0x000009b4        0x0 build/Entry.os

.rel.dyn        0x000009b4        0x0
 .rel.iplt      0x000009b4        0x0 build/Entry.os

.data           0x000009b4        0x4
 *(.data)
 .data          0x000009b4        0x0 build/Entry.os
 .data          0x000009b4        0x0 build/main.o
 .data          0x000009b4        0x4 build/Regs.o
                0x000009b4                Uart
 .data          0x000009b8        0x0 build/Uart.o
 .data          0x000009b8        0x0 build/stdio.o
 .data          0x000009b8        0x0 /usr/lib/gcc/arm-none-eabi/13.2.1/libgcc.a(_udivsi3.o)
 .data          0x000009b8        0x0 /usr/lib/gcc/arm-none-eabi/13.2.1/libgcc.a(_dvmd_tls.o)

.igot.plt       0x000009b8        0x0
 .igot.plt      0x000009b8        0x0 build/Entry.os

.bss            0x000009b8      0x400
 *(.bss)
 .bss           0x000009b8        0x0 build/Entry.os
 .bss           0x000009b8        0x0 build/main.o
 .bss           0x000009b8        0x0 build/Regs.o
 .bss           0x000009b8        0x0 build/Uart.o
 .bss           0x000009b8      0x400 build/stdio.o
 .bss           0x00000db8        0x0 /usr/lib/gcc/arm-none-eabi/13.2.1/libgcc.a(_udivsi3.o)
 .bss           0x00000db8        0x0 /usr/lib/gcc/arm-none-eabi/13.2.1/libgcc.a(_dvmd_tls.o)
OUTPUT(build/navilos.axf elf32-littlearm)
LOAD linker stubs

.ARM.attributes
                0x00000000       0x2d
 .ARM.attributes
                0x00000000       0x1f build/Entry.os
 .ARM.attributes
                0x0000001f       0x31 build/main.o
 .ARM.attributes
                0x00000050       0x31 build/Regs.o
 .ARM.attributes
                0x00000081       0x31 build/Uart.o
 .ARM.attributes
                0x000000b2       0x31 build/stdio.o
 .ARM.attributes
                0x000000e3       0x1c /usr/lib/gcc/arm-none-eabi/13.2.1/libgcc.a(_udivsi3.o)
 .ARM.attributes
                0x000000ff       0x1c /usr/lib/gcc/arm-none-eabi/13.2.1/libgcc.a(_dvmd_tls.o)

.comment        0x00000000       0x26
 .comment       0x00000000       0x26 build/main.o
                                 0x27 (size before relaxing)
 .comment       0x00000026       0x27 build/Regs.o
 .comment       0x00000026       0x27 build/Uart.o
 .comment       0x00000026       0x27 build/stdio.o

.debug_line     0x00000000      0x4a9
 .debug_line    0x00000000       0x7a build/Entry.os
 .debug_line    0x0000007a       0xb9 build/main.o
 .debug_line    0x00000133       0x4e build/Regs.o
 .debug_line    0x00000181       0xce build/Uart.o
 .debug_line    0x0000024f      0x1a9 build/stdio.o
 .debug_line    0x000003f8       0x67 /usr/lib/gcc/arm-none-eabi/13.2.1/libgcc.a(_udivsi3.o)
 .debug_line    0x0000045f       0x4a /usr/lib/gcc/arm-none-eabi/13.2.1/libgcc.a(_dvmd_tls.o)

.debug_line_str
                0x00000000       0xa6
 .debug_line_str
                0x00000000       0xa6 build/Entry.os
                                 0x28 (size before relaxing)
 .debug_line_str
                0x000000a6       0x7e /usr/lib/gcc/arm-none-eabi/13.2.1/libgcc.a(_udivsi3.o)
 .debug_line_str
                0x000000a6       0x7e /usr/lib/gcc/arm-none-eabi/13.2.1/libgcc.a(_dvmd_tls.o)

.debug_info     0x00000000     0x16df
 .debug_info    0x00000000       0x25 build/Entry.os
 .debug_info    0x00000025      0x174 build/main.o
 .debug_info    0x00000199      0x8d7 build/Regs.o
 .debug_info    0x00000a70      0x946 build/Uart.o
 .debug_info    0x000013b6      0x2af build/stdio.o
 .debug_info    0x00001665       0x3e /usr/lib/gcc/arm-none-eabi/13.2.1/libgcc.a(_udivsi3.o)
 .debug_info    0x000016a3       0x3c /usr/lib/gcc/arm-none-eabi/13.2.1/libgcc.a(_dvmd_tls.o)

.debug_abbrev   0x00000000      0x550
 .debug_abbrev  0x00000000       0x14 build/Entry.os
 .debug_abbrev  0x00000014      0x123 build/main.o
 .debug_abbrev  0x00000137      0x101 build/Regs.o
 .debug_abbrev  0x00000238      0x178 build/Uart.o
 .debug_abbrev  0x000003b0      0x152 build/stdio.o
 .debug_abbrev  0x00000502       0x28 /usr/lib/gcc/arm-none-eabi/13.2.1/libgcc.a(_udivsi3.o)
 .debug_abbrev  0x0000052a       0x26 /usr/lib/gcc/arm-none-eabi/13.2.1/libgcc.a(_dvmd_tls.o)

.debug_aranges  0x00000000       0xd8
 .debug_aranges
                0x00000000       0x20 build/Entry.os
 .debug_aranges
                0x00000020       0x20 build/main.o
 .debug_aranges
                0x00000040       0x18 build/Regs.o
 .debug_aranges
                0x00000058       0x20 build/Uart.o
 .debug_aranges
                0x00000078       0x20 build/stdio.o
 .debug_aranges
                0x00000098       0x20 /usr/lib/gcc/arm-none-eabi/13.2.1/libgcc.a(_udivsi3.o)
 .debug_aranges
                0x000000b8       0x20 /usr/lib/gcc/arm-none-eabi/13.2.1/libgcc.a(_dvmd_tls.o)

.debug_str      0x00000000      0x59f
 .debug_str     0x00000000      0x59f build/Entry.os
                                 0x34 (size before relaxing)
 .debug_str     0x0000059f      0x174 build/main.o
 .debug_str     0x0000059f      0x3ed build/Regs.o
 .debug_str     0x0000059f      0x42c build/Uart.o
 .debug_str     0x0000059f      0x192 build/stdio.o
 .debug_str     0x0000059f       0xa5 /usr/lib/gcc/arm-none-eabi/13.2.1/libgcc.a(_udivsi3.o)
 .debug_str     0x0000059f       0xa6 /usr/lib/gcc/arm-none-eabi/13.2.1/libgcc.a(_dvmd_tls.o)

.debug_frame    0x00000000      0x1a8
 .debug_frame   0x00000000       0x6c build/main.o
 .debug_frame   0x0000006c       0x70 build/Uart.o
 .debug_frame   0x000000dc       0xac build/stdio.o
 .debug_frame   0x00000188       0x20 /usr/lib/gcc/arm-none-eabi/13.2.1/libgcc.a(_udivsi3.o)
